ClientError: Mon Sep 21 03:05:55 GMT+0300 2026 [CRITICAL] [house] *Uncaught Error* ErrorId: 2109 ErrorName: ArgumentError ErrorMessage:Error #2109 ErrorStackTrace:ArgumentError: Error #2109
	at _-24O::TrophyDescriptor/_-pg()
	at _-4FF::_-3zH/init()
	at _-0qh::UIPanel/onAddedToStage()
	at _-0TX::_-JQ/addChild()
	at _-2HI::_-3j3/addContent()
	at _-4FF::_-4QD/init()
	at _-0qh::UIPanel/onAddedToStage()
	at _-4FF::_-0zi/init()
	at _-0qh::UIPanel/onAddedToStage()
	at _-Qp::_-1DK/addContent()
	at _-4Ta::PlayerPassportDialog/init()
	at _-Qp::_-1DK/onAddedToStage()
	at _-0qh::UIManager/_-1oS()
	at _-0qh::UIManager/showModal()
	at _-Qp::_-1DK/showModal()
	at MethodInfo-13()
	at _-37q::PlayerPassportManager/_-1Of()
	at _-8l::AvatarSelfMenu/_-40e()
	at _-3A6::RoundMenu/_-0mM()
