ClientError: Mon Sep 21 19:54:12 GMT+0300 2026 [CRITICAL] [house] *Uncaught Error* ErrorId: 1010 ErrorName: TypeError ErrorMessage:Error #1010 ErrorStackTrace:TypeError: Error #1010
	at _-1u9::URL/parse()
	at _-1u9::URL()
	at _-18R::LoadingItem()
	at _-18R::SWFLoadingItem()
	at _-0bS::MassLoader/add()
	at _-0bS::MassLoader/_-2R5()
	at flash.events::EventDispatcher/dispatchEvent()
	at _-18R::LoadingItem/_-1Iu()
	at _-18R::LoadingItem/onError()
	at _-18R::SWFLoadingItem/onError()
	at flash.events::EventDispatcher/dispatchEvent()
	at flash.net::URLLoader/onComplete()
Mon Sep 21 19:54:10 GMT+0300 2026 [INFO] Server said: 34: ["ntf.res", {res: {gld: 99599882, enrg: 500, emd: 0, slvr: 276700}}]
Mon Sep 21 19:54:10 GMT+0300 2026 [INFO] Server said: 34: ["ntf.inv", {it: {c: 1, tid: "flrNYRf", iid: ""}}]
Mon Sep 21 19:54:10 GMT+0300 2026 [INFO] Client said: 34: [null, "frn.buy", {pind: 1, tpid: "flrNYRf", cnt: 1}]
Mon Sep 21 19:54:07 GMT+0300 2026 [INFO] Server said: 34: ["ntf.res", {res: {gld: 99599900, enrg: 500, emd: 0, slvr: 276700}}]
Mon Sep 21 19:54:07 GMT+0300 2026 [INFO] Server said: 34: ["ntf.inv", {it: {c: 1, tid: "drNYRf", iid: ""}}]
Mon Sep 21 19:54:07 GMT+0300 2026 [INFO] Client said: 34: [null, "frn.buy", {pind: 1, tpid: "drNYRf", cnt: 1}]
Mon Sep 21 19:54:07 GMT+0300 2026 [INFO] Loaded  LoadingItem(url: http://192.168.1.104:8080/files/swf/furniture/house/DoorNYRoof.swf, status: 2) 
Mon Sep 21 19:54:06 GMT+0300 2026 [INFO] Server said: 34: ["ntf.res", {res: {gld: 99599950, enrg: 500, emd: 0, slvr: 276700}}]
Mon Sep 21 19:54:06 GMT+0300 2026 [INFO] Server said: 34: ["ntf.inv", {it: {c: 1, tid: "chrNYRf", iid: ""}}]
Mon Sep 21 19:54:06 GMT+0300 2026 [INFO] Client said: 34: [null, "frn.buy", {pind: 1, tpid: "chrNYRf", cnt: 1}]